stateDiagram-v2
	direction LR
	
	[*]-->CREATED
	
	PENDING-->FAILED
	PENDING-->COMPLETED
	CREATED-->PENDING
	CREATED-->FAILED
	
	COMPLETED-->[*]
	FAILED-->[*]
