package case_specify_times

// Code generated by shiftgen at shiftgen_test.go:123. DO NOT EDIT.

import (
	"context"
	"database/sql"
	"strings"

	"github.com/luno/jettison/errors"
	"github.com/luno/jettison/j"
	"github.com/luno/shift"
)

// Insert inserts a new foo table entity. All the fields of the
// iFoo receiver are set, as well as status, created_at and updated_at.
// The newly created entity id is returned on success or an error.
func (一 iFoo) Insert(
	ctx context.Context, tx *sql.Tx, st shift.Status,
) (int64, error) {
	var (
		q    strings.Builder
		args []interface{}
	)

	if 一.CreatedAt.IsZero() {
		return 0, errors.New("created_at is required")
	}

	if 一.UpdatedAt.IsZero() {
		return 0, errors.New("updated_at is required")
	}

	q.WriteString("insert into foo set `status`=? ")
	args = append(args, st.ShiftStatus())

	q.WriteString(", `i1`=?")
	args = append(args, 一.I1)

	q.WriteString(", `i2`=?")
	args = append(args, 一.I2)

	q.WriteString(", `i3`=?")
	args = append(args, 一.I3)

	q.WriteString(", `created_at`=?")
	args = append(args, 一.CreatedAt)

	q.WriteString(", `updated_at`=?")
	args = append(args, 一.UpdatedAt)

	res, err := tx.ExecContext(ctx, q.String(), args...)
	if err != nil {
		return 0, err
	}

	id, err := res.LastInsertId()
	if err != nil {
		return 0, err
	}

	return id, nil
}

// Update updates the status of a foo table entity. All the fields of the
// uFoo receiver are updated, as well as status and updated_at.
// The entity id is returned on success or an error.
func (一 uFoo) Update(
	ctx context.Context, tx *sql.Tx, from shift.Status, to shift.Status,
) (int64, error) {
	var (
		q    strings.Builder
		args []interface{}
	)

	if 一.UpdatedAt.IsZero() {
		return 0, errors.New("updated_at is required")
	}

	q.WriteString("update foo set `status`=? ")
	args = append(args, to.ShiftStatus())

	q.WriteString(", `u1`=?")
	args = append(args, 一.U1)

	q.WriteString(", `u2`=?")
	args = append(args, 一.U2)

	q.WriteString(", `u3`=?")
	args = append(args, 一.U3)

	q.WriteString(", `u4`=?")
	args = append(args, 一.U4)

	q.WriteString(", `u5`=?")
	args = append(args, 一.U5)

	q.WriteString(", `updated_at`=?")
	args = append(args, 一.UpdatedAt)

	q.WriteString(" where `id`=? and `status`=?")
	args = append(args, 一.ID, from.ShiftStatus())

	res, err := tx.ExecContext(ctx, q.String(), args...)
	if err != nil {
		return 0, err
	}
	n, err := res.RowsAffected()
	if err != nil {
		return 0, err
	}
	if n != 1 {
		return 0, errors.Wrap(shift.ErrRowCount, "uFoo", j.KV("count", n))
	}

	return 一.ID, nil
}
